MPLINK 4.33, Linker
Linker Map File - Created Tue Oct 20 00:25:33 2009

                                 Section Info
                  Section       Type    Address   Location Size(Bytes)
                ---------  ---------  ---------  ---------  ---------
               _entry_scn       code   0x000000    program   0x000006
    HIGH_INTERRUPT_VECTOR       code   0x000008    program   0x000006
     LOW_INTERRUPT_VECTOR       code   0x000018    program   0x000006
    REMAPPED_RESET_VECTOR       code   0x001000    program   0x000006
                   .cinit    romdata   0x001006    program   0x000002
REMAPPED_HIGH_INTERRUPT_VECTOR       code   0x001008    program   0x000006
           .code___init.o       code   0x00100e    program   0x000002
REMAPPED_LOW_INTERRUPT_VECTOR       code   0x001018    program   0x000006
       .code_usb_device.o       code   0x00101e    program   0x001054
             .code_Main.o       code   0x002072    program   0x0003a6
    .code_Accelerometer.o       code   0x002418    program   0x0001f0
.romdata_usb_descriptors.o    romdata   0x002608    program   0x0000d3
      .romdata_i2c_idle.o    romdata   0x0026db    program   0x000000
      .idata_i2c_idle.o_i    romdata   0x0026db    program   0x000000
      .romdata_Switches.o    romdata   0x0026db    program   0x000000
      .idata_Switches.o_i    romdata   0x0026db    program   0x000000
 .romdata_Accelerometer.o    romdata   0x0026db    program   0x000000
 .idata_Accelerometer.o_i    romdata   0x0026db    program   0x000000
      .idata_i2c_open.o_i    romdata   0x0026db    program   0x000000
      .romdata_i2c_open.o    romdata   0x0026db    program   0x000000
        .idata_t0open.o_i    romdata   0x0026db    program   0x000000
        .romdata_t0open.o    romdata   0x0026db    program   0x000000
      .idata_i2c_read.o_i    romdata   0x0026db    program   0x000000
      .romdata_i2c_read.o    romdata   0x0026db    program   0x000000
      .idata_i2c_writ.o_i    romdata   0x0026db    program   0x000000
      .romdata_i2c_writ.o    romdata   0x0026db    program   0x000000
       .idata_t0write.o_i    romdata   0x0026db    program   0x000000
       .romdata_t0write.o    romdata   0x0026db    program   0x000000
        .idata___init.o_i    romdata   0x0026db    program   0x000000
        .romdata___init.o    romdata   0x0026db    program   0x000000
          .romdata_Main.o    romdata   0x0026db    program   0x000000
          .idata_Main.o_i    romdata   0x0026db    program   0x000000
.romdata_usb_function_hid.o    romdata   0x0026db    program   0x000000
.idata_usb_function_hid.o_i    romdata   0x0026db    program   0x000000
    .romdata_usb_device.o    romdata   0x0026db    program   0x000000
    .idata_usb_device.o_i    romdata   0x0026db    program   0x000000
.idata_usb_descriptors.o_i    romdata   0x0026db    program   0x000000
         .romdata_c018i.o    romdata   0x0026db    program   0x000000
         .idata_c018i.o_i    romdata   0x0026db    program   0x000000
  .code_usb_descriptors.o       code   0x0026dc    program   0x000000
            .code_c018i.o       code   0x0026dc    program   0x000000
 .code_usb_function_hid.o       code   0x0026dc    program   0x0000ce
               _cinit_scn       code   0x0027aa    program   0x00009e
         .code_i2c_writ.o       code   0x002848    program   0x000072
          .code_t0write.o       code   0x0028ba    program   0x000038
           .code_t0open.o       code   0x0028f2    program   0x000038
         .code_i2c_open.o       code   0x00292a    program   0x000036
                   STRING       code   0x002960    program   0x000034
         .code_Switches.o       code   0x002994    program   0x000026
             _startup_scn       code   0x0029ba    program   0x00001c
             D100TCYXCODE       code   0x0029d6    program   0x00001c
         .code_i2c_read.o       code   0x0029f2    program   0x00001a
         .code_i2c_idle.o       code   0x002a0c    program   0x00000e
                    .code       code   0x002a1a    program   0x00000e
    .config_300000_Main.o    romdata   0x300000    program   0x000001
    .config_300001_Main.o    romdata   0x300001    program   0x000001
    .config_300002_Main.o    romdata   0x300002    program   0x000001
    .config_300003_Main.o    romdata   0x300003    program   0x000001
    .config_300005_Main.o    romdata   0x300005    program   0x000001
    .config_300006_Main.o    romdata   0x300006    program   0x000001
    .config_300008_Main.o    romdata   0x300008    program   0x000001
    .config_300009_Main.o    romdata   0x300009    program   0x000001
    .config_30000a_Main.o    romdata   0x30000a    program   0x000001
    .config_30000b_Main.o    romdata   0x30000b    program   0x000001
    .config_30000c_Main.o    romdata   0x30000c    program   0x000001
    .config_30000d_Main.o    romdata   0x30000d    program   0x000001
                MATH_DATA      udata   0x000000       data   0x00000b
                 .tmpdata      udata   0x00000b       data   0x000003
                DELAYDAT1      udata   0x00000e       data   0x000001
      .udata_usb_device.o      udata   0x000060       data   0x000026
            .udata_Main.o      udata   0x000086       data   0x000010
           .udata_c018i.o      udata   0x000096       data   0x00000a
.udata_usb_function_hid.o      udata   0x0000a0       data   0x000002
        .udata_Switches.o      udata   0x0000a2       data   0x000002
        .idata_i2c_writ.o      idata   0x0000a4       data   0x000000
        .udata_i2c_writ.o      udata   0x0000a4       data   0x000000
        .idata_i2c_read.o      idata   0x0000a4       data   0x000000
        .udata_i2c_read.o      udata   0x0000a4       data   0x000000
         .udata_t0write.o      udata   0x0000a4       data   0x000000
          .idata_t0open.o      idata   0x0000a4       data   0x000000
          .udata_t0open.o      udata   0x0000a4       data   0x000000
        .idata_i2c_open.o      idata   0x0000a4       data   0x000000
        .udata_i2c_open.o      udata   0x0000a4       data   0x000000
        .idata_i2c_idle.o      idata   0x0000a4       data   0x000000
        .udata_i2c_idle.o      udata   0x0000a4       data   0x000000
         .idata_t0write.o      idata   0x0000a4       data   0x000000
          .udata___init.o      udata   0x0000a4       data   0x000000
          .idata___init.o      idata   0x0000a4       data   0x000000
        .idata_Switches.o      idata   0x0000a4       data   0x000000
   .idata_Accelerometer.o      idata   0x0000a4       data   0x000000
   .udata_Accelerometer.o      udata   0x0000a4       data   0x000000
            .idata_Main.o      idata   0x0000a4       data   0x000000
.idata_usb_function_hid.o      idata   0x0000a4       data   0x000000
      .idata_usb_device.o      idata   0x0000a4       data   0x000000
 .idata_usb_descriptors.o      idata   0x0000a4       data   0x000000
 .udata_usb_descriptors.o      udata   0x0000a4       data   0x000000
           .idata_c018i.o      idata   0x0000a4       data   0x000000
                   .stack      udata   0x000100       data   0x000040
                  USB_BDT      udata   0x000200       data   0x00003a
              SFR_BANKED0      udata   0x000f53       data   0x00000d
            SFR_UNBANKED0      udata   0x000f60       data   0x0000a0



                              Program Memory Usage 
                               Start         End      
                           ---------   ---------      
                            0x000000    0x000005      
                            0x000008    0x00000d      
                            0x000018    0x00001d      
                            0x001000    0x00100f      
                            0x001018    0x0026da      
                            0x0026dc    0x002a27      
                            0x300000    0x300003      
                            0x300005    0x300006      
                            0x300008    0x30000d      
            6717 out of 16408 program addresses used, program memory utilization is 40%



                              Symbols - Sorted by Name
                     Name    Address   Location    Storage File                     
                ---------  ---------  ---------  --------- ---------                
        AccelerometerInit   0x002418    program     extern C:\Users\Luca\Desktop\ProgettoGruppo18\Accelerometer.c
        AccelerometerRead   0x0024da    program     extern C:\Users\Luca\Desktop\ProgettoGruppo18\Accelerometer.c
       AccelerometerSleep   0x002482    program     extern C:\Users\Luca\Desktop\ProgettoGruppo18\Accelerometer.c
      AccelerometerWakeup   0x00242e    program     extern C:\Users\Luca\Desktop\ProgettoGruppo18\Accelerometer.c
                   D100_1   0x0029e4    program     static C:\MCC18\src\traditional\delays\d100tcyx.asm
                    D100x   0x0029e2    program     static C:\MCC18\src\traditional\delays\d100tcyx.asm
             Delay100TCYx   0x0029d6    program     extern C:\MCC18\src\traditional\delays\d100tcyx.asm
          EventWindowInit   0x0021d8    program     extern C:\Users\Luca\Desktop\ProgettoGruppo18\Main.c
                 High_ISR   0x000008    program     extern C:\Users\Luca\Desktop\ProgettoGruppo18\Main.c
                  IdleI2C   0x002a0c    program     extern C:\MCC18\src\pmc_common\i2c\i2c_idle.c
         InitializeSystem   0x0021f8    program     static C:\Users\Luca\Desktop\ProgettoGruppo18\Main.c
                  Low_ISR   0x000018    program     extern C:\Users\Luca\Desktop\ProgettoGruppo18\Main.c
                    Mouse   0x002278    program     extern C:\Users\Luca\Desktop\ProgettoGruppo18\Main.c
 MouseHighPriorityISRCode   0x002072    program     extern C:\Users\Luca\Desktop\ProgettoGruppo18\Main.c
                MouseInit   0x002202    program     extern C:\Users\Luca\Desktop\ProgettoGruppo18\Main.c
  MouseLowPriorityISRCode   0x002108    program     extern C:\Users\Luca\Desktop\ProgettoGruppo18\Main.c
                  OpenI2C   0x00292a    program     extern C:\MCC18\src\pmc_common\i2c\i2c_open.c
               OpenTimer0   0x0028f2    program     extern C:\MCC18\src\pmc_common\Timers\t0open.c
                ProcessIO   0x002264    program     extern C:\Users\Luca\Desktop\ProgettoGruppo18\Main.c
                  ReadI2C   0x0029f2    program     extern C:\MCC18\src\pmc_common\i2c\i2c_read.c
        Remapped_High_ISR   0x001008    program     extern C:\Users\Luca\Desktop\ProgettoGruppo18\Main.c
         Remapped_Low_ISR   0x001018    program     extern C:\Users\Luca\Desktop\ProgettoGruppo18\Main.c
          SwitchIsPressed   0x002994    program     extern C:\Users\Luca\Desktop\ProgettoGruppo18\Switches.c
       USBCBCheckOtherReq   0x00234e    program     extern C:\Users\Luca\Desktop\ProgettoGruppo18\Main.c
        USBCBErrorHandler   0x00234c    program     extern C:\Users\Luca\Desktop\ProgettoGruppo18\Main.c
              USBCBInitEP   0x002354    program     extern C:\Users\Luca\Desktop\ProgettoGruppo18\Main.c
          USBCBSendResume   0x002366    program     extern C:\Users\Luca\Desktop\ProgettoGruppo18\Main.c
    USBCBStdSetDscHandler   0x002352    program     extern C:\Users\Luca\Desktop\ProgettoGruppo18\Main.c
             USBCBSuspend   0x002346    program     extern C:\Users\Luca\Desktop\ProgettoGruppo18\Main.c
     USBCBWakeFromSuspend   0x002348    program     extern C:\Users\Luca\Desktop\ProgettoGruppo18\Main.c
        USBCB_SOF_Handler   0x00234a    program     extern C:\Users\Luca\Desktop\ProgettoGruppo18\Main.c
       USBCheckHIDRequest   0x0026dc    program     extern c:\Microchip Solutions\Microchip\USB\HID Device Driver\usb_function_hid.c
       USBCheckStdRequest   0x00158c    program     extern c:\Microchip Solutions\Microchip\USB\usb_device.c
    USBClearInterruptFlag   0x00200a    program     extern c:\Microchip Solutions\Microchip\USB\usb_device.c
     USBConfigureEndpoint   0x001d1a    program     extern c:\Microchip Solutions\Microchip\USB\usb_device.c
         USBCtrlEPService   0x001322    program     extern c:\Microchip Solutions\Microchip\USB\usb_device.c
 USBCtrlEPServiceComplete   0x0018b8    program     extern c:\Microchip Solutions\Microchip\USB\usb_device.c
      USBCtrlTrfInHandler   0x00148e    program     extern c:\Microchip Solutions\Microchip\USB\usb_device.c
     USBCtrlTrfOutHandler   0x001442    program     extern c:\Microchip Solutions\Microchip\USB\usb_device.c
      USBCtrlTrfRxService   0x001b6e    program     extern c:\Microchip Solutions\Microchip\USB\usb_device.c
   USBCtrlTrfSetupHandler   0x0013fc    program     extern c:\Microchip Solutions\Microchip\USB\usb_device.c
      USBCtrlTrfTxService   0x001a5c    program     extern c:\Microchip Solutions\Microchip\USB\usb_device.c
          USBDeviceAttach   0x002042    program     extern c:\Microchip Solutions\Microchip\USB\usb_device.c
          USBDeviceDetach   0x002040    program     extern c:\Microchip Solutions\Microchip\USB\usb_device.c
            USBDeviceInit   0x00101e    program     extern c:\Microchip Solutions\Microchip\USB\usb_device.c
           USBDeviceTasks   0x0010d2    program     extern c:\Microchip Solutions\Microchip\USB\usb_device.c
        USBEnableEndpoint   0x001de4    program     extern c:\Microchip Solutions\Microchip\USB\usb_device.c
USBPrepareForNextSetupTrf   0x001528    program     extern c:\Microchip Solutions\Microchip\USB\usb_device.c
         USBStallEndpoint   0x001e50    program     extern c:\Microchip Solutions\Microchip\USB\usb_device.c
          USBStallHandler   0x001264    program     extern c:\Microchip Solutions\Microchip\USB\usb_device.c
  USBStdFeatureReqHandler   0x00164a    program     extern c:\Microchip Solutions\Microchip\USB\usb_device.c
      USBStdGetDscHandler   0x001756    program     extern c:\Microchip Solutions\Microchip\USB\usb_device.c
   USBStdGetStatusHandler   0x001804    program     extern c:\Microchip Solutions\Microchip\USB\usb_device.c
      USBStdSetCfgHandler   0x001ca8    program     extern c:\Microchip Solutions\Microchip\USB\usb_device.c
               USBSuspend   0x0012ac    program     extern c:\Microchip Solutions\Microchip\USB\usb_device.c
     USBTransferOnePacket   0x001f2c    program     extern c:\Microchip Solutions\Microchip\USB\usb_device.c
       USBWakeFromSuspend   0x0012e4    program     extern c:\Microchip Solutions\Microchip\USB\usb_device.c
               USB_CD_Ptr   0x0026d3    program     extern C:\Users\Luca\Desktop\ProgettoGruppo18\usb_descriptors.c
               USB_SD_Ptr   0x0026d5    program     extern C:\Users\Luca\Desktop\ProgettoGruppo18\usb_descriptors.c
USER_USB_CALLBACK_EVENT_HANDLER   0x002382    program     extern C:\Users\Luca\Desktop\ProgettoGruppo18\Main.c
                 WriteI2C   0x002848    program     extern C:\MCC18\src\pmc_common\i2c\i2c_writ.c
              WriteTimer0   0x0028ba    program     extern C:\MCC18\src\pmc_common\Timers\t0write.c
              _2jContinue   0x002980    program     static C:\MCC18\src\traditional\stdclib\memset.asm
                   _3jEnd   0x00298a    program     static C:\MCC18\src\traditional\stdclib\memset.asm
       _D100TCYXCODE_0008   0x0029de    program     static C:\MCC18\src\traditional\delays\d100tcyx.asm
       _D100TCYXCODE_0012   0x0029e8    program     static C:\MCC18\src\traditional\delays\d100tcyx.asm
       _D100TCYXCODE_0018   0x0029ee    program     static C:\MCC18\src\traditional\delays\d100tcyx.asm
      ___case_-1_lbl00051   0x002402    program     static                          
       ___case_1_lbl00052   0x002406    program     static                          
      ___case_21_lbl00045   0x0023ea    program     static                          
      ___case_22_lbl00046   0x0023ee    program     static                          
      ___case_23_lbl00047   0x0023f2    program     static                          
       ___case_2_lbl00048   0x0023f6    program     static                          
       ___case_3_lbl00050   0x0023fe    program     static                          
       ___case_4_lbl00049   0x0023fa    program     static                          
      ___default_lbl00053   0x00240a    program     static                          
       ___return_lbl00000   0x001004    program     static                          
       ___return_lbl00000   0x000004    program     static                          
       ___return_lbl00001   0x00100c    program     static                          
       ___return_lbl00001   0x0029d4    program     static                          
       ___return_lbl00002   0x002846    program     static                          
       ___return_lbl00002   0x00101c    program     static                          
       ___return_lbl00003   0x00000c    program     static                          
       ___return_lbl00004   0x00001c    program     static                          
       ___return_lbl00043   0x002410    program     static                          
   ___switchexit_lbl00044   0x00240c    program     static                          
               __config_0   0x300000    program     static C:\Users\Luca\Desktop\ProgettoGruppo18\Main.c
               __config_1   0x300001    program     static C:\Users\Luca\Desktop\ProgettoGruppo18\Main.c
              __config_10   0x30000c    program     static C:\Users\Luca\Desktop\ProgettoGruppo18\Main.c
              __config_11   0x30000d    program     static C:\Users\Luca\Desktop\ProgettoGruppo18\Main.c
               __config_2   0x300002    program     static C:\Users\Luca\Desktop\ProgettoGruppo18\Main.c
               __config_3   0x300003    program     static C:\Users\Luca\Desktop\ProgettoGruppo18\Main.c
               __config_4   0x300005    program     static C:\Users\Luca\Desktop\ProgettoGruppo18\Main.c
               __config_5   0x300006    program     static C:\Users\Luca\Desktop\ProgettoGruppo18\Main.c
               __config_6   0x300008    program     static C:\Users\Luca\Desktop\ProgettoGruppo18\Main.c
               __config_7   0x300009    program     static C:\Users\Luca\Desktop\ProgettoGruppo18\Main.c
               __config_8   0x30000a    program     static C:\Users\Luca\Desktop\ProgettoGruppo18\Main.c
               __config_9   0x30000b    program     static C:\Users\Luca\Desktop\ProgettoGruppo18\Main.c
                   __init   0x00100e    program     extern C:\MCC18\src\traditional\stdclib\__init.c
               __tmplbl_2   0x00239e    program     static                          
               __tmplbl_3   0x0023aa    program     static                          
               __tmplbl_4   0x0023b4    program     static                          
               __tmplbl_5   0x0023be    program     static                          
               __tmplbl_6   0x0023c8    program     static                          
               __tmplbl_7   0x0023d2    program     static                          
               __tmplbl_8   0x0023dc    program     static                          
               __tmplbl_9   0x0023e6    program     static                          
            __zero_memory   0x002a1a    program     extern C:\MCC18\src\traditional\proc\p18F14K50.asm
                _do_cinit   0x0027aa    program     extern C:\MCC18\src\traditional\startup\c018i.c
                   _entry   0x000000    program     extern C:\MCC18\src\traditional\startup\c018i.c
                   _reset   0x001000    program     extern C:\Users\Luca\Desktop\ProgettoGruppo18\Main.c
                 _startup   0x0029ba    program     extern C:\MCC18\src\traditional\startup\c018i.c
               clear_loop   0x002a20    program     static C:\MCC18\src\traditional\proc\p18F14K50.asm
        configDescriptor1   0x00261a    program     extern C:\Users\Luca\Desktop\ProgettoGruppo18\usb_descriptors.c
                copy_loop   0x00281c    program     static                          
            copy_one_byte   0x002822    program     static                          
               device_dsc   0x002608    program     extern C:\Users\Luca\Desktop\ProgettoGruppo18\usb_descriptors.c
                     done   0x002846    program     static                          
             done_copying   0x002830    program     static                          
                hid_rpt01   0x002696    program     extern C:\Users\Luca\Desktop\ProgettoGruppo18\usb_descriptors.c
                     jEnd   0x002992    program     static C:\MCC18\src\traditional\stdclib\memset.asm
                    jLoop   0x002974    program     static C:\MCC18\src\traditional\stdclib\memset.asm
                     loop   0x0029ca    program     static                          
                     main   0x0021ee    program     extern C:\Users\Luca\Desktop\ProgettoGruppo18\Main.c
                   memset   0x002960    program     extern C:\MCC18\src\traditional\stdclib\memset.asm
                    sd000   0x00263c    program     extern C:\Users\Luca\Desktop\ProgettoGruppo18\usb_descriptors.c
                    sd001   0x002640    program     extern C:\Users\Luca\Desktop\ProgettoGruppo18\usb_descriptors.c
                    sd002   0x002672    program     extern C:\Users\Luca\Desktop\ProgettoGruppo18\usb_descriptors.c
                     test   0x0027c4    program     static                          
                   ADCON0   0x000fc2       data     extern C:\MCC18\src\traditional\proc\p18F14K50.asm
               ADCON0bits   0x000fc2       data     extern C:\MCC18\src\traditional\proc\p18F14K50.asm
                   ADCON1   0x000fc1       data     extern C:\MCC18\src\traditional\proc\p18F14K50.asm
               ADCON1bits   0x000fc1       data     extern C:\MCC18\src\traditional\proc\p18F14K50.asm
                   ADCON2   0x000fc0       data     extern C:\MCC18\src\traditional\proc\p18F14K50.asm
               ADCON2bits   0x000fc0       data     extern C:\MCC18\src\traditional\proc\p18F14K50.asm
                    ADRES   0x000fc3       data     extern C:\MCC18\src\traditional\proc\p18F14K50.asm
                   ADRESH   0x000fc4       data     extern C:\MCC18\src\traditional\proc\p18F14K50.asm
                   ADRESL   0x000fc3       data     extern C:\MCC18\src\traditional\proc\p18F14K50.asm
                    ANSEL   0x000f7e       data     extern C:\MCC18\src\traditional\proc\p18F14K50.asm
                   ANSELH   0x000f7f       data     extern C:\MCC18\src\traditional\proc\p18F14K50.asm
               ANSELHbits   0x000f7f       data     extern C:\MCC18\src\traditional\proc\p18F14K50.asm
                ANSELbits   0x000f7e       data     extern C:\MCC18\src\traditional\proc\p18F14K50.asm
                  BAUDCON   0x000fb8       data     extern C:\MCC18\src\traditional\proc\p18F14K50.asm
              BAUDCONbits   0x000fb8       data     extern C:\MCC18\src\traditional\proc\p18F14K50.asm
                  BAUDCTL   0x000fb8       data     extern C:\MCC18\src\traditional\proc\p18F14K50.asm
              BAUDCTLbits   0x000fb8       data     extern C:\MCC18\src\traditional\proc\p18F14K50.asm
                      BDT   0x000200       data     extern c:\Microchip Solutions\Microchip\USB\usb_device.c
                      BSR   0x000fe0       data     extern C:\MCC18\src\traditional\proc\p18F14K50.asm
       BothEP0OutUOWNsSet   0x000081       data     extern c:\Microchip Solutions\Microchip\USB\usb_device.c
                  CCP1CON   0x000fbd       data     extern C:\MCC18\src\traditional\proc\p18F14K50.asm
              CCP1CONbits   0x000fbd       data     extern C:\MCC18\src\traditional\proc\p18F14K50.asm
                    CCPR1   0x000fbe       data     extern C:\MCC18\src\traditional\proc\p18F14K50.asm
                   CCPR1H   0x000fbf       data     extern C:\MCC18\src\traditional\proc\p18F14K50.asm
                   CCPR1L   0x000fbe       data     extern C:\MCC18\src\traditional\proc\p18F14K50.asm
                  CM1CON0   0x000f6d       data     extern C:\MCC18\src\traditional\proc\p18F14K50.asm
              CM1CON0bits   0x000f6d       data     extern C:\MCC18\src\traditional\proc\p18F14K50.asm
                  CM2CON0   0x000f6b       data     extern C:\MCC18\src\traditional\proc\p18F14K50.asm
              CM2CON0bits   0x000f6b       data     extern C:\MCC18\src\traditional\proc\p18F14K50.asm
                  CM2CON1   0x000f6c       data     extern C:\MCC18\src\traditional\proc\p18F14K50.asm
              CM2CON1bits   0x000f6c       data     extern C:\MCC18\src\traditional\proc\p18F14K50.asm
              CtrlTrfData   0x000228       data     extern c:\Microchip Solutions\Microchip\USB\usb_device.c
                     DDRA   0x000f92       data     extern C:\MCC18\src\traditional\proc\p18F14K50.asm
                 DDRAbits   0x000f92       data     extern C:\MCC18\src\traditional\proc\p18F14K50.asm
                     DDRB   0x000f93       data     extern C:\MCC18\src\traditional\proc\p18F14K50.asm
                 DDRBbits   0x000f93       data     extern C:\MCC18\src\traditional\proc\p18F14K50.asm
                     DDRC   0x000f94       data     extern C:\MCC18\src\traditional\proc\p18F14K50.asm
                 DDRCbits   0x000f94       data     extern C:\MCC18\src\traditional\proc\p18F14K50.asm
            DelayCounter1   0x00000e       data     extern C:\MCC18\src\traditional\delays\delayd1.asm
                  ECCP1AS   0x000fb6       data     extern C:\MCC18\src\traditional\proc\p18F14K50.asm
              ECCP1ASbits   0x000fb6       data     extern C:\MCC18\src\traditional\proc\p18F14K50.asm
                    EEADR   0x000fa9       data     extern C:\MCC18\src\traditional\proc\p18F14K50.asm
                   EEADRH   0x000faa       data     extern C:\MCC18\src\traditional\proc\p18F14K50.asm
               EEADRHbits   0x000faa       data     extern C:\MCC18\src\traditional\proc\p18F14K50.asm
                EEADRbits   0x000fa9       data     extern C:\MCC18\src\traditional\proc\p18F14K50.asm
                   EECON1   0x000fa6       data     extern C:\MCC18\src\traditional\proc\p18F14K50.asm
               EECON1bits   0x000fa6       data     extern C:\MCC18\src\traditional\proc\p18F14K50.asm
                   EECON2   0x000fa7       data     extern C:\MCC18\src\traditional\proc\p18F14K50.asm
                   EEDATA   0x000fa8       data     extern C:\MCC18\src\traditional\proc\p18F14K50.asm
                     FSR0   0x000fe9       data     extern C:\MCC18\src\traditional\proc\p18F14K50.asm
                    FSR0H   0x000fea       data     extern C:\MCC18\src\traditional\proc\p18F14K50.asm
                    FSR0L   0x000fe9       data     extern C:\MCC18\src\traditional\proc\p18F14K50.asm
                     FSR1   0x000fe1       data     extern C:\MCC18\src\traditional\proc\p18F14K50.asm
                    FSR1H   0x000fe2       data     extern C:\MCC18\src\traditional\proc\p18F14K50.asm
                    FSR1L   0x000fe1       data     extern C:\MCC18\src\traditional\proc\p18F14K50.asm
                     FSR2   0x000fd9       data     extern C:\MCC18\src\traditional\proc\p18F14K50.asm
                    FSR2H   0x000fda       data     extern C:\MCC18\src\traditional\proc\p18F14K50.asm
                    FSR2L   0x000fd9       data     extern C:\MCC18\src\traditional\proc\p18F14K50.asm
                    INDF0   0x000fef       data     extern C:\MCC18\src\traditional\proc\p18F14K50.asm
                    INDF1   0x000fe7       data     extern C:\MCC18\src\traditional\proc\p18F14K50.asm
                    INDF2   0x000fdf       data     extern C:\MCC18\src\traditional\proc\p18F14K50.asm
                   INTCON   0x000ff2       data     extern C:\MCC18\src\traditional\proc\p18F14K50.asm
                  INTCON2   0x000ff1       data     extern C:\MCC18\src\traditional\proc\p18F14K50.asm
              INTCON2bits   0x000ff1       data     extern C:\MCC18\src\traditional\proc\p18F14K50.asm
                  INTCON3   0x000ff0       data     extern C:\MCC18\src\traditional\proc\p18F14K50.asm
              INTCON3bits   0x000ff0       data     extern C:\MCC18\src\traditional\proc\p18F14K50.asm
               INTCONbits   0x000ff2       data     extern C:\MCC18\src\traditional\proc\p18F14K50.asm
                     IOCA   0x000f79       data     extern C:\MCC18\src\traditional\proc\p18F14K50.asm
                 IOCAbits   0x000f79       data     extern C:\MCC18\src\traditional\proc\p18F14K50.asm
                     IOCB   0x000f7a       data     extern C:\MCC18\src\traditional\proc\p18F14K50.asm
                 IOCBbits   0x000f7a       data     extern C:\MCC18\src\traditional\proc\p18F14K50.asm
                     IPR1   0x000f9f       data     extern C:\MCC18\src\traditional\proc\p18F14K50.asm
                 IPR1bits   0x000f9f       data     extern C:\MCC18\src\traditional\proc\p18F14K50.asm
                     IPR2   0x000fa2       data     extern C:\MCC18\src\traditional\proc\p18F14K50.asm
                 IPR2bits   0x000fa2       data     extern C:\MCC18\src\traditional\proc\p18F14K50.asm
                     LATA   0x000f89       data     extern C:\MCC18\src\traditional\proc\p18F14K50.asm
                 LATAbits   0x000f89       data     extern C:\MCC18\src\traditional\proc\p18F14K50.asm
                     LATB   0x000f8a       data     extern C:\MCC18\src\traditional\proc\p18F14K50.asm
                 LATBbits   0x000f8a       data     extern C:\MCC18\src\traditional\proc\p18F14K50.asm
                     LATC   0x000f8b       data     extern C:\MCC18\src\traditional\proc\p18F14K50.asm
                 LATCbits   0x000f8b       data     extern C:\MCC18\src\traditional\proc\p18F14K50.asm
                   OSCCON   0x000fd3       data     extern C:\MCC18\src\traditional\proc\p18F14K50.asm
                  OSCCON2   0x000fd2       data     extern C:\MCC18\src\traditional\proc\p18F14K50.asm
              OSCCON2bits   0x000fd2       data     extern C:\MCC18\src\traditional\proc\p18F14K50.asm
               OSCCONbits   0x000fd3       data     extern C:\MCC18\src\traditional\proc\p18F14K50.asm
                  OSCTUNE   0x000f9b       data     extern C:\MCC18\src\traditional\proc\p18F14K50.asm
              OSCTUNEbits   0x000f9b       data     extern C:\MCC18\src\traditional\proc\p18F14K50.asm
                       PC   0x000ff9       data     extern C:\MCC18\src\traditional\proc\p18F14K50.asm
                      PCL   0x000ff9       data     extern C:\MCC18\src\traditional\proc\p18F14K50.asm
                   PCLATH   0x000ffa       data     extern C:\MCC18\src\traditional\proc\p18F14K50.asm
                   PCLATU   0x000ffb       data     extern C:\MCC18\src\traditional\proc\p18F14K50.asm
                     PIE1   0x000f9d       data     extern C:\MCC18\src\traditional\proc\p18F14K50.asm
                 PIE1bits   0x000f9d       data     extern C:\MCC18\src\traditional\proc\p18F14K50.asm
                     PIE2   0x000fa0       data     extern C:\MCC18\src\traditional\proc\p18F14K50.asm
                 PIE2bits   0x000fa0       data     extern C:\MCC18\src\traditional\proc\p18F14K50.asm
                     PIR1   0x000f9e       data     extern C:\MCC18\src\traditional\proc\p18F14K50.asm
                 PIR1bits   0x000f9e       data     extern C:\MCC18\src\traditional\proc\p18F14K50.asm
                     PIR2   0x000fa1       data     extern C:\MCC18\src\traditional\proc\p18F14K50.asm
                 PIR2bits   0x000fa1       data     extern C:\MCC18\src\traditional\proc\p18F14K50.asm
                   PLUSW0   0x000feb       data     extern C:\MCC18\src\traditional\proc\p18F14K50.asm
                   PLUSW1   0x000fe3       data     extern C:\MCC18\src\traditional\proc\p18F14K50.asm
                   PLUSW2   0x000fdb       data     extern C:\MCC18\src\traditional\proc\p18F14K50.asm
                    PORTA   0x000f80       data     extern C:\MCC18\src\traditional\proc\p18F14K50.asm
                PORTAbits   0x000f80       data     extern C:\MCC18\src\traditional\proc\p18F14K50.asm
                    PORTB   0x000f81       data     extern C:\MCC18\src\traditional\proc\p18F14K50.asm
                PORTBbits   0x000f81       data     extern C:\MCC18\src\traditional\proc\p18F14K50.asm
                    PORTC   0x000f82       data     extern C:\MCC18\src\traditional\proc\p18F14K50.asm
                PORTCbits   0x000f82       data     extern C:\MCC18\src\traditional\proc\p18F14K50.asm
                 POSTDEC0   0x000fed       data     extern C:\MCC18\src\traditional\proc\p18F14K50.asm
                 POSTDEC1   0x000fe5       data     extern C:\MCC18\src\traditional\proc\p18F14K50.asm
                 POSTDEC2   0x000fdd       data     extern C:\MCC18\src\traditional\proc\p18F14K50.asm
                 POSTINC0   0x000fee       data     extern C:\MCC18\src\traditional\proc\p18F14K50.asm
                 POSTINC1   0x000fe6       data     extern C:\MCC18\src\traditional\proc\p18F14K50.asm
                 POSTINC2   0x000fde       data     extern C:\MCC18\src\traditional\proc\p18F14K50.asm
                      PR2   0x000fcb       data     extern C:\MCC18\src\traditional\proc\p18F14K50.asm
                  PREINC0   0x000fec       data     extern C:\MCC18\src\traditional\proc\p18F14K50.asm
                  PREINC1   0x000fe4       data     extern C:\MCC18\src\traditional\proc\p18F14K50.asm
                  PREINC2   0x000fdc       data     extern C:\MCC18\src\traditional\proc\p18F14K50.asm
                     PROD   0x000ff3       data     extern C:\MCC18\src\traditional\proc\p18F14K50.asm
                    PRODH   0x000ff4       data     extern C:\MCC18\src\traditional\proc\p18F14K50.asm
                    PRODL   0x000ff3       data     extern C:\MCC18\src\traditional\proc\p18F14K50.asm
                  PSTRCON   0x000fb9       data     extern C:\MCC18\src\traditional\proc\p18F14K50.asm
              PSTRCONbits   0x000fb9       data     extern C:\MCC18\src\traditional\proc\p18F14K50.asm
                  PWM1CON   0x000fb7       data     extern C:\MCC18\src\traditional\proc\p18F14K50.asm
              PWM1CONbits   0x000fb7       data     extern C:\MCC18\src\traditional\proc\p18F14K50.asm
                     RCON   0x000fd0       data     extern C:\MCC18\src\traditional\proc\p18F14K50.asm
                 RCONbits   0x000fd0       data     extern C:\MCC18\src\traditional\proc\p18F14K50.asm
                    RCREG   0x000fae       data     extern C:\MCC18\src\traditional\proc\p18F14K50.asm
                    RCSTA   0x000fab       data     extern C:\MCC18\src\traditional\proc\p18F14K50.asm
                RCSTAbits   0x000fab       data     extern C:\MCC18\src\traditional\proc\p18F14K50.asm
                  REFCON0   0x000fba       data     extern C:\MCC18\src\traditional\proc\p18F14K50.asm
              REFCON0bits   0x000fba       data     extern C:\MCC18\src\traditional\proc\p18F14K50.asm
                  REFCON1   0x000fbb       data     extern C:\MCC18\src\traditional\proc\p18F14K50.asm
              REFCON1bits   0x000fbb       data     extern C:\MCC18\src\traditional\proc\p18F14K50.asm
                  REFCON2   0x000fbc       data     extern C:\MCC18\src\traditional\proc\p18F14K50.asm
              REFCON2bits   0x000fbc       data     extern C:\MCC18\src\traditional\proc\p18F14K50.asm
             RemoteWakeup   0x00007f       data     extern c:\Microchip Solutions\Microchip\USB\usb_device.c
                     SIGN   0x000009       data     extern C:\MCC18\src\traditional\math\cmath18.asm
                   SLRCON   0x000f76       data     extern C:\MCC18\src\traditional\proc\p18F14K50.asm
               SLRCONbits   0x000f76       data     extern C:\MCC18\src\traditional\proc\p18F14K50.asm
                    SPBRG   0x000faf       data     extern C:\MCC18\src\traditional\proc\p18F14K50.asm
                   SPBRGH   0x000fb0       data     extern C:\MCC18\src\traditional\proc\p18F14K50.asm
                   SRCON0   0x000f68       data     extern C:\MCC18\src\traditional\proc\p18F14K50.asm
               SRCON0bits   0x000f68       data     extern C:\MCC18\src\traditional\proc\p18F14K50.asm
                   SRCON1   0x000f69       data     extern C:\MCC18\src\traditional\proc\p18F14K50.asm
               SRCON1bits   0x000f69       data     extern C:\MCC18\src\traditional\proc\p18F14K50.asm
                   SSPADD   0x000fc8       data     extern C:\MCC18\src\traditional\proc\p18F14K50.asm
                   SSPBUF   0x000fc9       data     extern C:\MCC18\src\traditional\proc\p18F14K50.asm
                  SSPCON1   0x000fc6       data     extern C:\MCC18\src\traditional\proc\p18F14K50.asm
              SSPCON1bits   0x000fc6       data     extern C:\MCC18\src\traditional\proc\p18F14K50.asm
                  SSPCON2   0x000fc5       data     extern C:\MCC18\src\traditional\proc\p18F14K50.asm
              SSPCON2bits   0x000fc5       data     extern C:\MCC18\src\traditional\proc\p18F14K50.asm
                   SSPMSK   0x000f6f       data     extern C:\MCC18\src\traditional\proc\p18F14K50.asm
               SSPMSKbits   0x000f6f       data     extern C:\MCC18\src\traditional\proc\p18F14K50.asm
                  SSPSTAT   0x000fc7       data     extern C:\MCC18\src\traditional\proc\p18F14K50.asm
              SSPSTATbits   0x000fc7       data     extern C:\MCC18\src\traditional\proc\p18F14K50.asm
                   STATUS   0x000fd8       data     extern C:\MCC18\src\traditional\proc\p18F14K50.asm
               STATUSbits   0x000fd8       data     extern C:\MCC18\src\traditional\proc\p18F14K50.asm
                   STKPTR   0x000ffc       data     extern C:\MCC18\src\traditional\proc\p18F14K50.asm
               STKPTRbits   0x000ffc       data     extern C:\MCC18\src\traditional\proc\p18F14K50.asm
                 SetupPkt   0x000220       data     extern c:\Microchip Solutions\Microchip\USB\usb_device.c
                    T0CON   0x000fd5       data     extern C:\MCC18\src\traditional\proc\p18F14K50.asm
                T0CONbits   0x000fd5       data     extern C:\MCC18\src\traditional\proc\p18F14K50.asm
                    T1CON   0x000fcd       data     extern C:\MCC18\src\traditional\proc\p18F14K50.asm
                T1CONbits   0x000fcd       data     extern C:\MCC18\src\traditional\proc\p18F14K50.asm
                    T2CON   0x000fca       data     extern C:\MCC18\src\traditional\proc\p18F14K50.asm
                T2CONbits   0x000fca       data     extern C:\MCC18\src\traditional\proc\p18F14K50.asm
                    T3CON   0x000fb1       data     extern C:\MCC18\src\traditional\proc\p18F14K50.asm
                T3CONbits   0x000fb1       data     extern C:\MCC18\src\traditional\proc\p18F14K50.asm
                   TABLAT   0x000ff5       data     extern C:\MCC18\src\traditional\proc\p18F14K50.asm
                   TBLPTR   0x000ff6       data     extern C:\MCC18\src\traditional\proc\p18F14K50.asm
                  TBLPTRH   0x000ff7       data     extern C:\MCC18\src\traditional\proc\p18F14K50.asm
                  TBLPTRL   0x000ff6       data     extern C:\MCC18\src\traditional\proc\p18F14K50.asm
                  TBLPTRU   0x000ff8       data     extern C:\MCC18\src\traditional\proc\p18F14K50.asm
                    TMR0H   0x000fd7       data     extern C:\MCC18\src\traditional\proc\p18F14K50.asm
                    TMR0L   0x000fd6       data     extern C:\MCC18\src\traditional\proc\p18F14K50.asm
                    TMR1H   0x000fcf       data     extern C:\MCC18\src\traditional\proc\p18F14K50.asm
                    TMR1L   0x000fce       data     extern C:\MCC18\src\traditional\proc\p18F14K50.asm
                     TMR2   0x000fcc       data     extern C:\MCC18\src\traditional\proc\p18F14K50.asm
                    TMR3H   0x000fb3       data     extern C:\MCC18\src\traditional\proc\p18F14K50.asm
                    TMR3L   0x000fb2       data     extern C:\MCC18\src\traditional\proc\p18F14K50.asm
                      TOS   0x000ffd       data     extern C:\MCC18\src\traditional\proc\p18F14K50.asm
                     TOSH   0x000ffe       data     extern C:\MCC18\src\traditional\proc\p18F14K50.asm
                     TOSL   0x000ffd       data     extern C:\MCC18\src\traditional\proc\p18F14K50.asm
                     TOSU   0x000fff       data     extern C:\MCC18\src\traditional\proc\p18F14K50.asm
                    TRISA   0x000f92       data     extern C:\MCC18\src\traditional\proc\p18F14K50.asm
                TRISAbits   0x000f92       data     extern C:\MCC18\src\traditional\proc\p18F14K50.asm
                    TRISB   0x000f93       data     extern C:\MCC18\src\traditional\proc\p18F14K50.asm
                TRISBbits   0x000f93       data     extern C:\MCC18\src\traditional\proc\p18F14K50.asm
                    TRISC   0x000f94       data     extern C:\MCC18\src\traditional\proc\p18F14K50.asm
                TRISCbits   0x000f94       data     extern C:\MCC18\src\traditional\proc\p18F14K50.asm
                    TXREG   0x000fad       data     extern C:\MCC18\src\traditional\proc\p18F14K50.asm
                    TXSTA   0x000fac       data     extern C:\MCC18\src\traditional\proc\p18F14K50.asm
                TXSTAbits   0x000fac       data     extern C:\MCC18\src\traditional\proc\p18F14K50.asm
                    UADDR   0x000f5c       data     extern C:\MCC18\src\traditional\proc\p18F14K50.asm
                UADDRbits   0x000f5c       data     extern C:\MCC18\src\traditional\proc\p18F14K50.asm
                     UCFG   0x000f61       data     extern C:\MCC18\src\traditional\proc\p18F14K50.asm
                 UCFGbits   0x000f61       data     extern C:\MCC18\src\traditional\proc\p18F14K50.asm
                     UCON   0x000f64       data     extern C:\MCC18\src\traditional\proc\p18F14K50.asm
                 UCONbits   0x000f64       data     extern C:\MCC18\src\traditional\proc\p18F14K50.asm
                     UEIE   0x000f5b       data     extern C:\MCC18\src\traditional\proc\p18F14K50.asm
                 UEIEbits   0x000f5b       data     extern C:\MCC18\src\traditional\proc\p18F14K50.asm
                     UEIR   0x000f5f       data     extern C:\MCC18\src\traditional\proc\p18F14K50.asm
                 UEIRbits   0x000f5f       data     extern C:\MCC18\src\traditional\proc\p18F14K50.asm
                     UEP0   0x000f53       data     extern C:\MCC18\src\traditional\proc\p18F14K50.asm
                 UEP0bits   0x000f53       data     extern C:\MCC18\src\traditional\proc\p18F14K50.asm
                     UEP1   0x000f54       data     extern C:\MCC18\src\traditional\proc\p18F14K50.asm
                 UEP1bits   0x000f54       data     extern C:\MCC18\src\traditional\proc\p18F14K50.asm
                     UEP2   0x000f55       data     extern C:\MCC18\src\traditional\proc\p18F14K50.asm
                 UEP2bits   0x000f55       data     extern C:\MCC18\src\traditional\proc\p18F14K50.asm
                     UEP3   0x000f56       data     extern C:\MCC18\src\traditional\proc\p18F14K50.asm
                 UEP3bits   0x000f56       data     extern C:\MCC18\src\traditional\proc\p18F14K50.asm
                     UEP4   0x000f57       data     extern C:\MCC18\src\traditional\proc\p18F14K50.asm
                 UEP4bits   0x000f57       data     extern C:\MCC18\src\traditional\proc\p18F14K50.asm
                     UEP5   0x000f58       data     extern C:\MCC18\src\traditional\proc\p18F14K50.asm
                 UEP5bits   0x000f58       data     extern C:\MCC18\src\traditional\proc\p18F14K50.asm
                     UEP6   0x000f59       data     extern C:\MCC18\src\traditional\proc\p18F14K50.asm
                 UEP6bits   0x000f59       data     extern C:\MCC18\src\traditional\proc\p18F14K50.asm
                     UEP7   0x000f5a       data     extern C:\MCC18\src\traditional\proc\p18F14K50.asm
                 UEP7bits   0x000f5a       data     extern C:\MCC18\src\traditional\proc\p18F14K50.asm
                    UFRMH   0x000f5e       data     extern C:\MCC18\src\traditional\proc\p18F14K50.asm
                UFRMHbits   0x000f5e       data     extern C:\MCC18\src\traditional\proc\p18F14K50.asm
                    UFRML   0x000f5d       data     extern C:\MCC18\src\traditional\proc\p18F14K50.asm
                UFRMLbits   0x000f5d       data     extern C:\MCC18\src\traditional\proc\p18F14K50.asm
                      UIE   0x000f60       data     extern C:\MCC18\src\traditional\proc\p18F14K50.asm
                  UIEbits   0x000f60       data     extern C:\MCC18\src\traditional\proc\p18F14K50.asm
                      UIR   0x000f62       data     extern C:\MCC18\src\traditional\proc\p18F14K50.asm
                  UIRbits   0x000f62       data     extern C:\MCC18\src\traditional\proc\p18F14K50.asm
   USBActiveConfiguration   0x000061       data     extern c:\Microchip Solutions\Microchip\USB\usb_device.c
    USBAlternateInterface   0x000062       data     extern c:\Microchip Solutions\Microchip\USB\usb_device.c
           USBDeviceState   0x000060       data     extern c:\Microchip Solutions\Microchip\USB\usb_device.c
                USBInData   0x000084       data     extern c:\Microchip Solutions\Microchip\USB\usb_device.c
       USBInMaxPacketSize   0x000082       data     extern c:\Microchip Solutions\Microchip\USB\usb_device.c
                    USTAT   0x000f63       data     extern C:\MCC18\src\traditional\proc\p18F14K50.asm
                USTATbits   0x000f63       data     extern C:\MCC18\src\traditional\proc\p18F14K50.asm
                USTATcopy   0x000080       data     extern c:\Microchip Solutions\Microchip\USB\usb_device.c
                 VREFCON0   0x000fba       data     extern C:\MCC18\src\traditional\proc\p18F14K50.asm
             VREFCON0bits   0x000fba       data     extern C:\MCC18\src\traditional\proc\p18F14K50.asm
                 VREFCON1   0x000fbb       data     extern C:\MCC18\src\traditional\proc\p18F14K50.asm
             VREFCON1bits   0x000fbb       data     extern C:\MCC18\src\traditional\proc\p18F14K50.asm
                 VREFCON2   0x000fbc       data     extern C:\MCC18\src\traditional\proc\p18F14K50.asm
             VREFCON2bits   0x000fbc       data     extern C:\MCC18\src\traditional\proc\p18F14K50.asm
                        W   0x000fe8       data     extern C:\MCC18\src\traditional\proc\p18F14K50.asm
                   WDTCON   0x000fd1       data     extern C:\MCC18\src\traditional\proc\p18F14K50.asm
               WDTCONbits   0x000fd1       data     extern C:\MCC18\src\traditional\proc\p18F14K50.asm
                     WPUA   0x000f77       data     extern C:\MCC18\src\traditional\proc\p18F14K50.asm
                 WPUAbits   0x000f77       data     extern C:\MCC18\src\traditional\proc\p18F14K50.asm
                     WPUB   0x000f78       data     extern C:\MCC18\src\traditional\proc\p18F14K50.asm
                 WPUBbits   0x000f78       data     extern C:\MCC18\src\traditional\proc\p18F14K50.asm
                     WREG   0x000fe8       data     extern C:\MCC18\src\traditional\proc\p18F14K50.asm
                        X   0x00008c       data     extern C:\Users\Luca\Desktop\ProgettoGruppo18\Main.c
                        Y   0x00008e       data     extern C:\Users\Luca\Desktop\ProgettoGruppo18\Main.c
                 __AARGB0   0x000007       data     extern C:\MCC18\src\traditional\math\aarg.asm
                 __AARGB1   0x000006       data     extern C:\MCC18\src\traditional\math\aarg.asm
                 __AARGB2   0x000005       data     extern C:\MCC18\src\traditional\math\aarg.asm
                 __AARGB3   0x000004       data     extern C:\MCC18\src\traditional\math\aarg.asm
                 __AARGB4   0x000003       data     extern C:\MCC18\src\traditional\math\aarg.asm
                 __AARGB5   0x000002       data     extern C:\MCC18\src\traditional\math\aarg.asm
                 __AARGB6   0x000001       data     extern C:\MCC18\src\traditional\math\aarg.asm
                 __AARGB7   0x000000       data     extern C:\MCC18\src\traditional\math\aarg.asm
                   __AEXP   0x000008       data     extern C:\MCC18\src\traditional\math\aarg.asm
                __FPFLAGS   0x00000a       data     extern C:\MCC18\src\traditional\math\cmath18.asm
            __FPFLAGSbits   0x00000a       data     extern C:\MCC18\src\traditional\math\cmath18.asm
                  __REMB0   0x000003       data     extern C:\MCC18\src\traditional\math\aarg.asm
                  __REMB1   0x000002       data     extern C:\MCC18\src\traditional\math\aarg.asm
                  __REMB2   0x000001       data     extern C:\MCC18\src\traditional\math\aarg.asm
                  __REMB3   0x000000       data     extern C:\MCC18\src\traditional\math\aarg.asm
                  __tmp_0   0x00000b       data     static c:\Microchip Solutions\Microchip\USB\usb_device.c
                  __tmp_0   0x00000b       data     static C:\Users\Luca\Desktop\ProgettoGruppo18\Accelerometer.c
                  __tmp_0   0x00000b       data     static C:\Users\Luca\Desktop\ProgettoGruppo18\Main.c
          active_protocol   0x0000a1       data     extern c:\Microchip Solutions\Microchip\USB\HID Device Driver\usb_function_hid.c
                   buffer   0x000087       data     extern C:\Users\Luca\Desktop\ProgettoGruppo18\Main.c
               clickCount   0x0000a3       data     extern C:\Users\Luca\Desktop\ProgettoGruppo18\Switches.c
     controlTransferState   0x000070       data     extern c:\Microchip Solutions\Microchip\USB\usb_device.c
                curr_byte   0x000099       data     static C:\MCC18\src\traditional\startup\c018i.c
               curr_entry   0x00009b       data     static C:\MCC18\src\traditional\startup\c018i.c
                 data_ptr   0x00009d       data     static C:\MCC18\src\traditional\startup\c018i.c
              delay_count   0x000094       data     static C:\Users\Luca\Desktop\ProgettoGruppo18\Main.c
            hid_report_in   0x000233       data     extern c:\Microchip Solutions\Microchip\USB\usb_device.c
           hid_report_out   0x000230       data     extern c:\Microchip Solutions\Microchip\USB\usb_device.c
                idle_rate   0x0000a0       data     extern c:\Microchip Solutions\Microchip\USB\HID Device Driver\usb_function_hid.c
                  inPipes   0x000071       data     extern c:\Microchip Solutions\Microchip\USB\usb_device.c
         lastTransmission   0x00008a       data     extern C:\Users\Luca\Desktop\ProgettoGruppo18\Main.c
                oldSwitch   0x0000a2       data     extern C:\Users\Luca\Desktop\ProgettoGruppo18\Switches.c
                     oldX   0x000090       data     extern C:\Users\Luca\Desktop\ProgettoGruppo18\Main.c
                     oldY   0x000092       data     extern C:\Users\Luca\Desktop\ProgettoGruppo18\Main.c
                 outPipes   0x000076       data     extern c:\Microchip Solutions\Microchip\USB\usb_device.c
   pBDTEntryEP0OutCurrent   0x000063       data     extern c:\Microchip Solutions\Microchip\USB\usb_device.c
      pBDTEntryEP0OutNext   0x000065       data     extern c:\Microchip Solutions\Microchip\USB\usb_device.c
              pBDTEntryIn   0x00006b       data     extern c:\Microchip Solutions\Microchip\USB\usb_device.c
             pBDTEntryOut   0x000067       data     extern c:\Microchip Solutions\Microchip\USB\usb_device.c
                     pDst   0x00007d       data     extern c:\Microchip Solutions\Microchip\USB\usb_device.c
                     prom   0x000096       data     static C:\MCC18\src\traditional\startup\c018i.c
                  rightMB   0x000086       data     extern C:\Users\Luca\Desktop\ProgettoGruppo18\Main.c
        shortPacketStatus   0x00006f       data     extern c:\Microchip Solutions\Microchip\USB\usb_device.c



                              Symbols - Sorted by Address
                     Name    Address   Location    Storage File                     
                ---------  ---------  ---------  --------- ---------                
                   _entry   0x000000    program     extern C:\MCC18\src\traditional\startup\c018i.c
       ___return_lbl00000   0x000004    program     static                          
                 High_ISR   0x000008    program     extern C:\Users\Luca\Desktop\ProgettoGruppo18\Main.c
       ___return_lbl00003   0x00000c    program     static                          
                  Low_ISR   0x000018    program     extern C:\Users\Luca\Desktop\ProgettoGruppo18\Main.c
       ___return_lbl00004   0x00001c    program     static                          
                   _reset   0x001000    program     extern C:\Users\Luca\Desktop\ProgettoGruppo18\Main.c
       ___return_lbl00000   0x001004    program     static                          
        Remapped_High_ISR   0x001008    program     extern C:\Users\Luca\Desktop\ProgettoGruppo18\Main.c
       ___return_lbl00001   0x00100c    program     static                          
                   __init   0x00100e    program     extern C:\MCC18\src\traditional\stdclib\__init.c
         Remapped_Low_ISR   0x001018    program     extern C:\Users\Luca\Desktop\ProgettoGruppo18\Main.c
       ___return_lbl00002   0x00101c    program     static                          
            USBDeviceInit   0x00101e    program     extern c:\Microchip Solutions\Microchip\USB\usb_device.c
           USBDeviceTasks   0x0010d2    program     extern c:\Microchip Solutions\Microchip\USB\usb_device.c
          USBStallHandler   0x001264    program     extern c:\Microchip Solutions\Microchip\USB\usb_device.c
               USBSuspend   0x0012ac    program     extern c:\Microchip Solutions\Microchip\USB\usb_device.c
       USBWakeFromSuspend   0x0012e4    program     extern c:\Microchip Solutions\Microchip\USB\usb_device.c
         USBCtrlEPService   0x001322    program     extern c:\Microchip Solutions\Microchip\USB\usb_device.c
   USBCtrlTrfSetupHandler   0x0013fc    program     extern c:\Microchip Solutions\Microchip\USB\usb_device.c
     USBCtrlTrfOutHandler   0x001442    program     extern c:\Microchip Solutions\Microchip\USB\usb_device.c
      USBCtrlTrfInHandler   0x00148e    program     extern c:\Microchip Solutions\Microchip\USB\usb_device.c
USBPrepareForNextSetupTrf   0x001528    program     extern c:\Microchip Solutions\Microchip\USB\usb_device.c
       USBCheckStdRequest   0x00158c    program     extern c:\Microchip Solutions\Microchip\USB\usb_device.c
  USBStdFeatureReqHandler   0x00164a    program     extern c:\Microchip Solutions\Microchip\USB\usb_device.c
      USBStdGetDscHandler   0x001756    program     extern c:\Microchip Solutions\Microchip\USB\usb_device.c
   USBStdGetStatusHandler   0x001804    program     extern c:\Microchip Solutions\Microchip\USB\usb_device.c
 USBCtrlEPServiceComplete   0x0018b8    program     extern c:\Microchip Solutions\Microchip\USB\usb_device.c
      USBCtrlTrfTxService   0x001a5c    program     extern c:\Microchip Solutions\Microchip\USB\usb_device.c
      USBCtrlTrfRxService   0x001b6e    program     extern c:\Microchip Solutions\Microchip\USB\usb_device.c
      USBStdSetCfgHandler   0x001ca8    program     extern c:\Microchip Solutions\Microchip\USB\usb_device.c
     USBConfigureEndpoint   0x001d1a    program     extern c:\Microchip Solutions\Microchip\USB\usb_device.c
        USBEnableEndpoint   0x001de4    program     extern c:\Microchip Solutions\Microchip\USB\usb_device.c
         USBStallEndpoint   0x001e50    program     extern c:\Microchip Solutions\Microchip\USB\usb_device.c
     USBTransferOnePacket   0x001f2c    program     extern c:\Microchip Solutions\Microchip\USB\usb_device.c
    USBClearInterruptFlag   0x00200a    program     extern c:\Microchip Solutions\Microchip\USB\usb_device.c
          USBDeviceDetach   0x002040    program     extern c:\Microchip Solutions\Microchip\USB\usb_device.c
          USBDeviceAttach   0x002042    program     extern c:\Microchip Solutions\Microchip\USB\usb_device.c
 MouseHighPriorityISRCode   0x002072    program     extern C:\Users\Luca\Desktop\ProgettoGruppo18\Main.c
  MouseLowPriorityISRCode   0x002108    program     extern C:\Users\Luca\Desktop\ProgettoGruppo18\Main.c
          EventWindowInit   0x0021d8    program     extern C:\Users\Luca\Desktop\ProgettoGruppo18\Main.c
                     main   0x0021ee    program     extern C:\Users\Luca\Desktop\ProgettoGruppo18\Main.c
         InitializeSystem   0x0021f8    program     static C:\Users\Luca\Desktop\ProgettoGruppo18\Main.c
                MouseInit   0x002202    program     extern C:\Users\Luca\Desktop\ProgettoGruppo18\Main.c
                ProcessIO   0x002264    program     extern C:\Users\Luca\Desktop\ProgettoGruppo18\Main.c
                    Mouse   0x002278    program     extern C:\Users\Luca\Desktop\ProgettoGruppo18\Main.c
             USBCBSuspend   0x002346    program     extern C:\Users\Luca\Desktop\ProgettoGruppo18\Main.c
     USBCBWakeFromSuspend   0x002348    program     extern C:\Users\Luca\Desktop\ProgettoGruppo18\Main.c
        USBCB_SOF_Handler   0x00234a    program     extern C:\Users\Luca\Desktop\ProgettoGruppo18\Main.c
        USBCBErrorHandler   0x00234c    program     extern C:\Users\Luca\Desktop\ProgettoGruppo18\Main.c
       USBCBCheckOtherReq   0x00234e    program     extern C:\Users\Luca\Desktop\ProgettoGruppo18\Main.c
    USBCBStdSetDscHandler   0x002352    program     extern C:\Users\Luca\Desktop\ProgettoGruppo18\Main.c
              USBCBInitEP   0x002354    program     extern C:\Users\Luca\Desktop\ProgettoGruppo18\Main.c
          USBCBSendResume   0x002366    program     extern C:\Users\Luca\Desktop\ProgettoGruppo18\Main.c
USER_USB_CALLBACK_EVENT_HANDLER   0x002382    program     extern C:\Users\Luca\Desktop\ProgettoGruppo18\Main.c
               __tmplbl_2   0x00239e    program     static                          
               __tmplbl_3   0x0023aa    program     static                          
               __tmplbl_4   0x0023b4    program     static                          
               __tmplbl_5   0x0023be    program     static                          
               __tmplbl_6   0x0023c8    program     static                          
               __tmplbl_7   0x0023d2    program     static                          
               __tmplbl_8   0x0023dc    program     static                          
               __tmplbl_9   0x0023e6    program     static                          
      ___case_21_lbl00045   0x0023ea    program     static                          
      ___case_22_lbl00046   0x0023ee    program     static                          
      ___case_23_lbl00047   0x0023f2    program     static                          
       ___case_2_lbl00048   0x0023f6    program     static                          
       ___case_4_lbl00049   0x0023fa    program     static                          
       ___case_3_lbl00050   0x0023fe    program     static                          
      ___case_-1_lbl00051   0x002402    program     static                          
       ___case_1_lbl00052   0x002406    program     static                          
      ___default_lbl00053   0x00240a    program     static                          
   ___switchexit_lbl00044   0x00240c    program     static                          
       ___return_lbl00043   0x002410    program     static                          
        AccelerometerInit   0x002418    program     extern C:\Users\Luca\Desktop\ProgettoGruppo18\Accelerometer.c
      AccelerometerWakeup   0x00242e    program     extern C:\Users\Luca\Desktop\ProgettoGruppo18\Accelerometer.c
       AccelerometerSleep   0x002482    program     extern C:\Users\Luca\Desktop\ProgettoGruppo18\Accelerometer.c
        AccelerometerRead   0x0024da    program     extern C:\Users\Luca\Desktop\ProgettoGruppo18\Accelerometer.c
               device_dsc   0x002608    program     extern C:\Users\Luca\Desktop\ProgettoGruppo18\usb_descriptors.c
        configDescriptor1   0x00261a    program     extern C:\Users\Luca\Desktop\ProgettoGruppo18\usb_descriptors.c
                    sd000   0x00263c    program     extern C:\Users\Luca\Desktop\ProgettoGruppo18\usb_descriptors.c
                    sd001   0x002640    program     extern C:\Users\Luca\Desktop\ProgettoGruppo18\usb_descriptors.c
                    sd002   0x002672    program     extern C:\Users\Luca\Desktop\ProgettoGruppo18\usb_descriptors.c
                hid_rpt01   0x002696    program     extern C:\Users\Luca\Desktop\ProgettoGruppo18\usb_descriptors.c
               USB_CD_Ptr   0x0026d3    program     extern C:\Users\Luca\Desktop\ProgettoGruppo18\usb_descriptors.c
               USB_SD_Ptr   0x0026d5    program     extern C:\Users\Luca\Desktop\ProgettoGruppo18\usb_descriptors.c
       USBCheckHIDRequest   0x0026dc    program     extern c:\Microchip Solutions\Microchip\USB\HID Device Driver\usb_function_hid.c
                _do_cinit   0x0027aa    program     extern C:\MCC18\src\traditional\startup\c018i.c
                     test   0x0027c4    program     static                          
                copy_loop   0x00281c    program     static                          
            copy_one_byte   0x002822    program     static                          
             done_copying   0x002830    program     static                          
       ___return_lbl00002   0x002846    program     static                          
                     done   0x002846    program     static                          
                 WriteI2C   0x002848    program     extern C:\MCC18\src\pmc_common\i2c\i2c_writ.c
              WriteTimer0   0x0028ba    program     extern C:\MCC18\src\pmc_common\Timers\t0write.c
               OpenTimer0   0x0028f2    program     extern C:\MCC18\src\pmc_common\Timers\t0open.c
                  OpenI2C   0x00292a    program     extern C:\MCC18\src\pmc_common\i2c\i2c_open.c
                   memset   0x002960    program     extern C:\MCC18\src\traditional\stdclib\memset.asm
                    jLoop   0x002974    program     static C:\MCC18\src\traditional\stdclib\memset.asm
              _2jContinue   0x002980    program     static C:\MCC18\src\traditional\stdclib\memset.asm
                   _3jEnd   0x00298a    program     static C:\MCC18\src\traditional\stdclib\memset.asm
                     jEnd   0x002992    program     static C:\MCC18\src\traditional\stdclib\memset.asm
          SwitchIsPressed   0x002994    program     extern C:\Users\Luca\Desktop\ProgettoGruppo18\Switches.c
                 _startup   0x0029ba    program     extern C:\MCC18\src\traditional\startup\c018i.c
                     loop   0x0029ca    program     static                          
       ___return_lbl00001   0x0029d4    program     static                          
             Delay100TCYx   0x0029d6    program     extern C:\MCC18\src\traditional\delays\d100tcyx.asm
       _D100TCYXCODE_0008   0x0029de    program     static C:\MCC18\src\traditional\delays\d100tcyx.asm
                    D100x   0x0029e2    program     static C:\MCC18\src\traditional\delays\d100tcyx.asm
                   D100_1   0x0029e4    program     static C:\MCC18\src\traditional\delays\d100tcyx.asm
       _D100TCYXCODE_0012   0x0029e8    program     static C:\MCC18\src\traditional\delays\d100tcyx.asm
       _D100TCYXCODE_0018   0x0029ee    program     static C:\MCC18\src\traditional\delays\d100tcyx.asm
                  ReadI2C   0x0029f2    program     extern C:\MCC18\src\pmc_common\i2c\i2c_read.c
                  IdleI2C   0x002a0c    program     extern C:\MCC18\src\pmc_common\i2c\i2c_idle.c
            __zero_memory   0x002a1a    program     extern C:\MCC18\src\traditional\proc\p18F14K50.asm
               clear_loop   0x002a20    program     static C:\MCC18\src\traditional\proc\p18F14K50.asm
               __config_0   0x300000    program     static C:\Users\Luca\Desktop\ProgettoGruppo18\Main.c
               __config_1   0x300001    program     static C:\Users\Luca\Desktop\ProgettoGruppo18\Main.c
               __config_2   0x300002    program     static C:\Users\Luca\Desktop\ProgettoGruppo18\Main.c
               __config_3   0x300003    program     static C:\Users\Luca\Desktop\ProgettoGruppo18\Main.c
               __config_4   0x300005    program     static C:\Users\Luca\Desktop\ProgettoGruppo18\Main.c
               __config_5   0x300006    program     static C:\Users\Luca\Desktop\ProgettoGruppo18\Main.c
               __config_6   0x300008    program     static C:\Users\Luca\Desktop\ProgettoGruppo18\Main.c
               __config_7   0x300009    program     static C:\Users\Luca\Desktop\ProgettoGruppo18\Main.c
               __config_8   0x30000a    program     static C:\Users\Luca\Desktop\ProgettoGruppo18\Main.c
               __config_9   0x30000b    program     static C:\Users\Luca\Desktop\ProgettoGruppo18\Main.c
              __config_10   0x30000c    program     static C:\Users\Luca\Desktop\ProgettoGruppo18\Main.c
              __config_11   0x30000d    program     static C:\Users\Luca\Desktop\ProgettoGruppo18\Main.c
                  __REMB3   0x000000       data     extern C:\MCC18\src\traditional\math\aarg.asm
                 __AARGB7   0x000000       data     extern C:\MCC18\src\traditional\math\aarg.asm
                 __AARGB6   0x000001       data     extern C:\MCC18\src\traditional\math\aarg.asm
                  __REMB2   0x000001       data     extern C:\MCC18\src\traditional\math\aarg.asm
                 __AARGB5   0x000002       data     extern C:\MCC18\src\traditional\math\aarg.asm
                  __REMB1   0x000002       data     extern C:\MCC18\src\traditional\math\aarg.asm
                 __AARGB4   0x000003       data     extern C:\MCC18\src\traditional\math\aarg.asm
                  __REMB0   0x000003       data     extern C:\MCC18\src\traditional\math\aarg.asm
                 __AARGB3   0x000004       data     extern C:\MCC18\src\traditional\math\aarg.asm
                 __AARGB2   0x000005       data     extern C:\MCC18\src\traditional\math\aarg.asm
                 __AARGB1   0x000006       data     extern C:\MCC18\src\traditional\math\aarg.asm
                 __AARGB0   0x000007       data     extern C:\MCC18\src\traditional\math\aarg.asm
                   __AEXP   0x000008       data     extern C:\MCC18\src\traditional\math\aarg.asm
                     SIGN   0x000009       data     extern C:\MCC18\src\traditional\math\cmath18.asm
                __FPFLAGS   0x00000a       data     extern C:\MCC18\src\traditional\math\cmath18.asm
            __FPFLAGSbits   0x00000a       data     extern C:\MCC18\src\traditional\math\cmath18.asm
                  __tmp_0   0x00000b       data     static c:\Microchip Solutions\Microchip\USB\usb_device.c
                  __tmp_0   0x00000b       data     static C:\Users\Luca\Desktop\ProgettoGruppo18\Accelerometer.c
                  __tmp_0   0x00000b       data     static C:\Users\Luca\Desktop\ProgettoGruppo18\Main.c
            DelayCounter1   0x00000e       data     extern C:\MCC18\src\traditional\delays\delayd1.asm
           USBDeviceState   0x000060       data     extern c:\Microchip Solutions\Microchip\USB\usb_device.c
   USBActiveConfiguration   0x000061       data     extern c:\Microchip Solutions\Microchip\USB\usb_device.c
    USBAlternateInterface   0x000062       data     extern c:\Microchip Solutions\Microchip\USB\usb_device.c
   pBDTEntryEP0OutCurrent   0x000063       data     extern c:\Microchip Solutions\Microchip\USB\usb_device.c
      pBDTEntryEP0OutNext   0x000065       data     extern c:\Microchip Solutions\Microchip\USB\usb_device.c
             pBDTEntryOut   0x000067       data     extern c:\Microchip Solutions\Microchip\USB\usb_device.c
              pBDTEntryIn   0x00006b       data     extern c:\Microchip Solutions\Microchip\USB\usb_device.c
        shortPacketStatus   0x00006f       data     extern c:\Microchip Solutions\Microchip\USB\usb_device.c
     controlTransferState   0x000070       data     extern c:\Microchip Solutions\Microchip\USB\usb_device.c
                  inPipes   0x000071       data     extern c:\Microchip Solutions\Microchip\USB\usb_device.c
                 outPipes   0x000076       data     extern c:\Microchip Solutions\Microchip\USB\usb_device.c
                     pDst   0x00007d       data     extern c:\Microchip Solutions\Microchip\USB\usb_device.c
             RemoteWakeup   0x00007f       data     extern c:\Microchip Solutions\Microchip\USB\usb_device.c
                USTATcopy   0x000080       data     extern c:\Microchip Solutions\Microchip\USB\usb_device.c
       BothEP0OutUOWNsSet   0x000081       data     extern c:\Microchip Solutions\Microchip\USB\usb_device.c
       USBInMaxPacketSize   0x000082       data     extern c:\Microchip Solutions\Microchip\USB\usb_device.c
                USBInData   0x000084       data     extern c:\Microchip Solutions\Microchip\USB\usb_device.c
                  rightMB   0x000086       data     extern C:\Users\Luca\Desktop\ProgettoGruppo18\Main.c
                   buffer   0x000087       data     extern C:\Users\Luca\Desktop\ProgettoGruppo18\Main.c
         lastTransmission   0x00008a       data     extern C:\Users\Luca\Desktop\ProgettoGruppo18\Main.c
                        X   0x00008c       data     extern C:\Users\Luca\Desktop\ProgettoGruppo18\Main.c
                        Y   0x00008e       data     extern C:\Users\Luca\Desktop\ProgettoGruppo18\Main.c
                     oldX   0x000090       data     extern C:\Users\Luca\Desktop\ProgettoGruppo18\Main.c
                     oldY   0x000092       data     extern C:\Users\Luca\Desktop\ProgettoGruppo18\Main.c
              delay_count   0x000094       data     static C:\Users\Luca\Desktop\ProgettoGruppo18\Main.c
                     prom   0x000096       data     static C:\MCC18\src\traditional\startup\c018i.c
                curr_byte   0x000099       data     static C:\MCC18\src\traditional\startup\c018i.c
               curr_entry   0x00009b       data     static C:\MCC18\src\traditional\startup\c018i.c
                 data_ptr   0x00009d       data     static C:\MCC18\src\traditional\startup\c018i.c
                idle_rate   0x0000a0       data     extern c:\Microchip Solutions\Microchip\USB\HID Device Driver\usb_function_hid.c
          active_protocol   0x0000a1       data     extern c:\Microchip Solutions\Microchip\USB\HID Device Driver\usb_function_hid.c
                oldSwitch   0x0000a2       data     extern C:\Users\Luca\Desktop\ProgettoGruppo18\Switches.c
               clickCount   0x0000a3       data     extern C:\Users\Luca\Desktop\ProgettoGruppo18\Switches.c
                      BDT   0x000200       data     extern c:\Microchip Solutions\Microchip\USB\usb_device.c
                 SetupPkt   0x000220       data     extern c:\Microchip Solutions\Microchip\USB\usb_device.c
              CtrlTrfData   0x000228       data     extern c:\Microchip Solutions\Microchip\USB\usb_device.c
           hid_report_out   0x000230       data     extern c:\Microchip Solutions\Microchip\USB\usb_device.c
            hid_report_in   0x000233       data     extern c:\Microchip Solutions\Microchip\USB\usb_device.c
                     UEP0   0x000f53       data     extern C:\MCC18\src\traditional\proc\p18F14K50.asm
                 UEP0bits   0x000f53       data     extern C:\MCC18\src\traditional\proc\p18F14K50.asm
                     UEP1   0x000f54       data     extern C:\MCC18\src\traditional\proc\p18F14K50.asm
                 UEP1bits   0x000f54       data     extern C:\MCC18\src\traditional\proc\p18F14K50.asm
                 UEP2bits   0x000f55       data     extern C:\MCC18\src\traditional\proc\p18F14K50.asm
                     UEP2   0x000f55       data     extern C:\MCC18\src\traditional\proc\p18F14K50.asm
                     UEP3   0x000f56       data     extern C:\MCC18\src\traditional\proc\p18F14K50.asm
                 UEP3bits   0x000f56       data     extern C:\MCC18\src\traditional\proc\p18F14K50.asm
                     UEP4   0x000f57       data     extern C:\MCC18\src\traditional\proc\p18F14K50.asm
                 UEP4bits   0x000f57       data     extern C:\MCC18\src\traditional\proc\p18F14K50.asm
                     UEP5   0x000f58       data     extern C:\MCC18\src\traditional\proc\p18F14K50.asm
                 UEP5bits   0x000f58       data     extern C:\MCC18\src\traditional\proc\p18F14K50.asm
                     UEP6   0x000f59       data     extern C:\MCC18\src\traditional\proc\p18F14K50.asm
                 UEP6bits   0x000f59       data     extern C:\MCC18\src\traditional\proc\p18F14K50.asm
                     UEP7   0x000f5a       data     extern C:\MCC18\src\traditional\proc\p18F14K50.asm
                 UEP7bits   0x000f5a       data     extern C:\MCC18\src\traditional\proc\p18F14K50.asm
                     UEIE   0x000f5b       data     extern C:\MCC18\src\traditional\proc\p18F14K50.asm
                 UEIEbits   0x000f5b       data     extern C:\MCC18\src\traditional\proc\p18F14K50.asm
                    UADDR   0x000f5c       data     extern C:\MCC18\src\traditional\proc\p18F14K50.asm
                UADDRbits   0x000f5c       data     extern C:\MCC18\src\traditional\proc\p18F14K50.asm
                    UFRML   0x000f5d       data     extern C:\MCC18\src\traditional\proc\p18F14K50.asm
                UFRMLbits   0x000f5d       data     extern C:\MCC18\src\traditional\proc\p18F14K50.asm
                    UFRMH   0x000f5e       data     extern C:\MCC18\src\traditional\proc\p18F14K50.asm
                UFRMHbits   0x000f5e       data     extern C:\MCC18\src\traditional\proc\p18F14K50.asm
                 UEIRbits   0x000f5f       data     extern C:\MCC18\src\traditional\proc\p18F14K50.asm
                     UEIR   0x000f5f       data     extern C:\MCC18\src\traditional\proc\p18F14K50.asm
                  UIEbits   0x000f60       data     extern C:\MCC18\src\traditional\proc\p18F14K50.asm
                      UIE   0x000f60       data     extern C:\MCC18\src\traditional\proc\p18F14K50.asm
                     UCFG   0x000f61       data     extern C:\MCC18\src\traditional\proc\p18F14K50.asm
                 UCFGbits   0x000f61       data     extern C:\MCC18\src\traditional\proc\p18F14K50.asm
                      UIR   0x000f62       data     extern C:\MCC18\src\traditional\proc\p18F14K50.asm
                  UIRbits   0x000f62       data     extern C:\MCC18\src\traditional\proc\p18F14K50.asm
                USTATbits   0x000f63       data     extern C:\MCC18\src\traditional\proc\p18F14K50.asm
                    USTAT   0x000f63       data     extern C:\MCC18\src\traditional\proc\p18F14K50.asm
                     UCON   0x000f64       data     extern C:\MCC18\src\traditional\proc\p18F14K50.asm
                 UCONbits   0x000f64       data     extern C:\MCC18\src\traditional\proc\p18F14K50.asm
                   SRCON0   0x000f68       data     extern C:\MCC18\src\traditional\proc\p18F14K50.asm
               SRCON0bits   0x000f68       data     extern C:\MCC18\src\traditional\proc\p18F14K50.asm
                   SRCON1   0x000f69       data     extern C:\MCC18\src\traditional\proc\p18F14K50.asm
               SRCON1bits   0x000f69       data     extern C:\MCC18\src\traditional\proc\p18F14K50.asm
                  CM2CON0   0x000f6b       data     extern C:\MCC18\src\traditional\proc\p18F14K50.asm
              CM2CON0bits   0x000f6b       data     extern C:\MCC18\src\traditional\proc\p18F14K50.asm
              CM2CON1bits   0x000f6c       data     extern C:\MCC18\src\traditional\proc\p18F14K50.asm
                  CM2CON1   0x000f6c       data     extern C:\MCC18\src\traditional\proc\p18F14K50.asm
                  CM1CON0   0x000f6d       data     extern C:\MCC18\src\traditional\proc\p18F14K50.asm
              CM1CON0bits   0x000f6d       data     extern C:\MCC18\src\traditional\proc\p18F14K50.asm
                   SSPMSK   0x000f6f       data     extern C:\MCC18\src\traditional\proc\p18F14K50.asm
               SSPMSKbits   0x000f6f       data     extern C:\MCC18\src\traditional\proc\p18F14K50.asm
                   SLRCON   0x000f76       data     extern C:\MCC18\src\traditional\proc\p18F14K50.asm
               SLRCONbits   0x000f76       data     extern C:\MCC18\src\traditional\proc\p18F14K50.asm
                     WPUA   0x000f77       data     extern C:\MCC18\src\traditional\proc\p18F14K50.asm
                 WPUAbits   0x000f77       data     extern C:\MCC18\src\traditional\proc\p18F14K50.asm
                     WPUB   0x000f78       data     extern C:\MCC18\src\traditional\proc\p18F14K50.asm
                 WPUBbits   0x000f78       data     extern C:\MCC18\src\traditional\proc\p18F14K50.asm
                     IOCA   0x000f79       data     extern C:\MCC18\src\traditional\proc\p18F14K50.asm
                 IOCAbits   0x000f79       data     extern C:\MCC18\src\traditional\proc\p18F14K50.asm
                 IOCBbits   0x000f7a       data     extern C:\MCC18\src\traditional\proc\p18F14K50.asm
                     IOCB   0x000f7a       data     extern C:\MCC18\src\traditional\proc\p18F14K50.asm
                ANSELbits   0x000f7e       data     extern C:\MCC18\src\traditional\proc\p18F14K50.asm
                    ANSEL   0x000f7e       data     extern C:\MCC18\src\traditional\proc\p18F14K50.asm
               ANSELHbits   0x000f7f       data     extern C:\MCC18\src\traditional\proc\p18F14K50.asm
                   ANSELH   0x000f7f       data     extern C:\MCC18\src\traditional\proc\p18F14K50.asm
                PORTAbits   0x000f80       data     extern C:\MCC18\src\traditional\proc\p18F14K50.asm
                    PORTA   0x000f80       data     extern C:\MCC18\src\traditional\proc\p18F14K50.asm
                PORTBbits   0x000f81       data     extern C:\MCC18\src\traditional\proc\p18F14K50.asm
                    PORTB   0x000f81       data     extern C:\MCC18\src\traditional\proc\p18F14K50.asm
                PORTCbits   0x000f82       data     extern C:\MCC18\src\traditional\proc\p18F14K50.asm
                    PORTC   0x000f82       data     extern C:\MCC18\src\traditional\proc\p18F14K50.asm
                 LATAbits   0x000f89       data     extern C:\MCC18\src\traditional\proc\p18F14K50.asm
                     LATA   0x000f89       data     extern C:\MCC18\src\traditional\proc\p18F14K50.asm
                     LATB   0x000f8a       data     extern C:\MCC18\src\traditional\proc\p18F14K50.asm
                 LATBbits   0x000f8a       data     extern C:\MCC18\src\traditional\proc\p18F14K50.asm
                     LATC   0x000f8b       data     extern C:\MCC18\src\traditional\proc\p18F14K50.asm
                 LATCbits   0x000f8b       data     extern C:\MCC18\src\traditional\proc\p18F14K50.asm
                TRISAbits   0x000f92       data     extern C:\MCC18\src\traditional\proc\p18F14K50.asm
                    TRISA   0x000f92       data     extern C:\MCC18\src\traditional\proc\p18F14K50.asm
                 DDRAbits   0x000f92       data     extern C:\MCC18\src\traditional\proc\p18F14K50.asm
                     DDRA   0x000f92       data     extern C:\MCC18\src\traditional\proc\p18F14K50.asm
                 DDRBbits   0x000f93       data     extern C:\MCC18\src\traditional\proc\p18F14K50.asm
                     DDRB   0x000f93       data     extern C:\MCC18\src\traditional\proc\p18F14K50.asm
                TRISBbits   0x000f93       data     extern C:\MCC18\src\traditional\proc\p18F14K50.asm
                    TRISB   0x000f93       data     extern C:\MCC18\src\traditional\proc\p18F14K50.asm
                 DDRCbits   0x000f94       data     extern C:\MCC18\src\traditional\proc\p18F14K50.asm
                     DDRC   0x000f94       data     extern C:\MCC18\src\traditional\proc\p18F14K50.asm
                TRISCbits   0x000f94       data     extern C:\MCC18\src\traditional\proc\p18F14K50.asm
                    TRISC   0x000f94       data     extern C:\MCC18\src\traditional\proc\p18F14K50.asm
              OSCTUNEbits   0x000f9b       data     extern C:\MCC18\src\traditional\proc\p18F14K50.asm
                  OSCTUNE   0x000f9b       data     extern C:\MCC18\src\traditional\proc\p18F14K50.asm
                     PIE1   0x000f9d       data     extern C:\MCC18\src\traditional\proc\p18F14K50.asm
                 PIE1bits   0x000f9d       data     extern C:\MCC18\src\traditional\proc\p18F14K50.asm
                 PIR1bits   0x000f9e       data     extern C:\MCC18\src\traditional\proc\p18F14K50.asm
                     PIR1   0x000f9e       data     extern C:\MCC18\src\traditional\proc\p18F14K50.asm
                 IPR1bits   0x000f9f       data     extern C:\MCC18\src\traditional\proc\p18F14K50.asm
                     IPR1   0x000f9f       data     extern C:\MCC18\src\traditional\proc\p18F14K50.asm
                     PIE2   0x000fa0       data     extern C:\MCC18\src\traditional\proc\p18F14K50.asm
                 PIE2bits   0x000fa0       data     extern C:\MCC18\src\traditional\proc\p18F14K50.asm
                     PIR2   0x000fa1       data     extern C:\MCC18\src\traditional\proc\p18F14K50.asm
                 PIR2bits   0x000fa1       data     extern C:\MCC18\src\traditional\proc\p18F14K50.asm
                     IPR2   0x000fa2       data     extern C:\MCC18\src\traditional\proc\p18F14K50.asm
                 IPR2bits   0x000fa2       data     extern C:\MCC18\src\traditional\proc\p18F14K50.asm
                   EECON1   0x000fa6       data     extern C:\MCC18\src\traditional\proc\p18F14K50.asm
               EECON1bits   0x000fa6       data     extern C:\MCC18\src\traditional\proc\p18F14K50.asm
                   EECON2   0x000fa7       data     extern C:\MCC18\src\traditional\proc\p18F14K50.asm
                   EEDATA   0x000fa8       data     extern C:\MCC18\src\traditional\proc\p18F14K50.asm
                EEADRbits   0x000fa9       data     extern C:\MCC18\src\traditional\proc\p18F14K50.asm
                    EEADR   0x000fa9       data     extern C:\MCC18\src\traditional\proc\p18F14K50.asm
               EEADRHbits   0x000faa       data     extern C:\MCC18\src\traditional\proc\p18F14K50.asm
                   EEADRH   0x000faa       data     extern C:\MCC18\src\traditional\proc\p18F14K50.asm
                RCSTAbits   0x000fab       data     extern C:\MCC18\src\traditional\proc\p18F14K50.asm
                    RCSTA   0x000fab       data     extern C:\MCC18\src\traditional\proc\p18F14K50.asm
                TXSTAbits   0x000fac       data     extern C:\MCC18\src\traditional\proc\p18F14K50.asm
                    TXSTA   0x000fac       data     extern C:\MCC18\src\traditional\proc\p18F14K50.asm
                    TXREG   0x000fad       data     extern C:\MCC18\src\traditional\proc\p18F14K50.asm
                    RCREG   0x000fae       data     extern C:\MCC18\src\traditional\proc\p18F14K50.asm
                    SPBRG   0x000faf       data     extern C:\MCC18\src\traditional\proc\p18F14K50.asm
                   SPBRGH   0x000fb0       data     extern C:\MCC18\src\traditional\proc\p18F14K50.asm
                T3CONbits   0x000fb1       data     extern C:\MCC18\src\traditional\proc\p18F14K50.asm
                    T3CON   0x000fb1       data     extern C:\MCC18\src\traditional\proc\p18F14K50.asm
                    TMR3L   0x000fb2       data     extern C:\MCC18\src\traditional\proc\p18F14K50.asm
                    TMR3H   0x000fb3       data     extern C:\MCC18\src\traditional\proc\p18F14K50.asm
                  ECCP1AS   0x000fb6       data     extern C:\MCC18\src\traditional\proc\p18F14K50.asm
              ECCP1ASbits   0x000fb6       data     extern C:\MCC18\src\traditional\proc\p18F14K50.asm
                  PWM1CON   0x000fb7       data     extern C:\MCC18\src\traditional\proc\p18F14K50.asm
              PWM1CONbits   0x000fb7       data     extern C:\MCC18\src\traditional\proc\p18F14K50.asm
                  BAUDCON   0x000fb8       data     extern C:\MCC18\src\traditional\proc\p18F14K50.asm
              BAUDCONbits   0x000fb8       data     extern C:\MCC18\src\traditional\proc\p18F14K50.asm
                  BAUDCTL   0x000fb8       data     extern C:\MCC18\src\traditional\proc\p18F14K50.asm
              BAUDCTLbits   0x000fb8       data     extern C:\MCC18\src\traditional\proc\p18F14K50.asm
                  PSTRCON   0x000fb9       data     extern C:\MCC18\src\traditional\proc\p18F14K50.asm
              PSTRCONbits   0x000fb9       data     extern C:\MCC18\src\traditional\proc\p18F14K50.asm
                 VREFCON0   0x000fba       data     extern C:\MCC18\src\traditional\proc\p18F14K50.asm
             VREFCON0bits   0x000fba       data     extern C:\MCC18\src\traditional\proc\p18F14K50.asm
                  REFCON0   0x000fba       data     extern C:\MCC18\src\traditional\proc\p18F14K50.asm
              REFCON0bits   0x000fba       data     extern C:\MCC18\src\traditional\proc\p18F14K50.asm
             VREFCON1bits   0x000fbb       data     extern C:\MCC18\src\traditional\proc\p18F14K50.asm
                 VREFCON1   0x000fbb       data     extern C:\MCC18\src\traditional\proc\p18F14K50.asm
              REFCON1bits   0x000fbb       data     extern C:\MCC18\src\traditional\proc\p18F14K50.asm
                  REFCON1   0x000fbb       data     extern C:\MCC18\src\traditional\proc\p18F14K50.asm
                 VREFCON2   0x000fbc       data     extern C:\MCC18\src\traditional\proc\p18F14K50.asm
              REFCON2bits   0x000fbc       data     extern C:\MCC18\src\traditional\proc\p18F14K50.asm
             VREFCON2bits   0x000fbc       data     extern C:\MCC18\src\traditional\proc\p18F14K50.asm
                  REFCON2   0x000fbc       data     extern C:\MCC18\src\traditional\proc\p18F14K50.asm
              CCP1CONbits   0x000fbd       data     extern C:\MCC18\src\traditional\proc\p18F14K50.asm
                  CCP1CON   0x000fbd       data     extern C:\MCC18\src\traditional\proc\p18F14K50.asm
                    CCPR1   0x000fbe       data     extern C:\MCC18\src\traditional\proc\p18F14K50.asm
                   CCPR1L   0x000fbe       data     extern C:\MCC18\src\traditional\proc\p18F14K50.asm
                   CCPR1H   0x000fbf       data     extern C:\MCC18\src\traditional\proc\p18F14K50.asm
               ADCON2bits   0x000fc0       data     extern C:\MCC18\src\traditional\proc\p18F14K50.asm
                   ADCON2   0x000fc0       data     extern C:\MCC18\src\traditional\proc\p18F14K50.asm
               ADCON1bits   0x000fc1       data     extern C:\MCC18\src\traditional\proc\p18F14K50.asm
                   ADCON1   0x000fc1       data     extern C:\MCC18\src\traditional\proc\p18F14K50.asm
                   ADCON0   0x000fc2       data     extern C:\MCC18\src\traditional\proc\p18F14K50.asm
               ADCON0bits   0x000fc2       data     extern C:\MCC18\src\traditional\proc\p18F14K50.asm
                    ADRES   0x000fc3       data     extern C:\MCC18\src\traditional\proc\p18F14K50.asm
                   ADRESL   0x000fc3       data     extern C:\MCC18\src\traditional\proc\p18F14K50.asm
                   ADRESH   0x000fc4       data     extern C:\MCC18\src\traditional\proc\p18F14K50.asm
                  SSPCON2   0x000fc5       data     extern C:\MCC18\src\traditional\proc\p18F14K50.asm
              SSPCON2bits   0x000fc5       data     extern C:\MCC18\src\traditional\proc\p18F14K50.asm
                  SSPCON1   0x000fc6       data     extern C:\MCC18\src\traditional\proc\p18F14K50.asm
              SSPCON1bits   0x000fc6       data     extern C:\MCC18\src\traditional\proc\p18F14K50.asm
                  SSPSTAT   0x000fc7       data     extern C:\MCC18\src\traditional\proc\p18F14K50.asm
              SSPSTATbits   0x000fc7       data     extern C:\MCC18\src\traditional\proc\p18F14K50.asm
                   SSPADD   0x000fc8       data     extern C:\MCC18\src\traditional\proc\p18F14K50.asm
                   SSPBUF   0x000fc9       data     extern C:\MCC18\src\traditional\proc\p18F14K50.asm
                T2CONbits   0x000fca       data     extern C:\MCC18\src\traditional\proc\p18F14K50.asm
                    T2CON   0x000fca       data     extern C:\MCC18\src\traditional\proc\p18F14K50.asm
                      PR2   0x000fcb       data     extern C:\MCC18\src\traditional\proc\p18F14K50.asm
                     TMR2   0x000fcc       data     extern C:\MCC18\src\traditional\proc\p18F14K50.asm
                T1CONbits   0x000fcd       data     extern C:\MCC18\src\traditional\proc\p18F14K50.asm
                    T1CON   0x000fcd       data     extern C:\MCC18\src\traditional\proc\p18F14K50.asm
                    TMR1L   0x000fce       data     extern C:\MCC18\src\traditional\proc\p18F14K50.asm
                    TMR1H   0x000fcf       data     extern C:\MCC18\src\traditional\proc\p18F14K50.asm
                 RCONbits   0x000fd0       data     extern C:\MCC18\src\traditional\proc\p18F14K50.asm
                     RCON   0x000fd0       data     extern C:\MCC18\src\traditional\proc\p18F14K50.asm
                   WDTCON   0x000fd1       data     extern C:\MCC18\src\traditional\proc\p18F14K50.asm
               WDTCONbits   0x000fd1       data     extern C:\MCC18\src\traditional\proc\p18F14K50.asm
                  OSCCON2   0x000fd2       data     extern C:\MCC18\src\traditional\proc\p18F14K50.asm
              OSCCON2bits   0x000fd2       data     extern C:\MCC18\src\traditional\proc\p18F14K50.asm
                   OSCCON   0x000fd3       data     extern C:\MCC18\src\traditional\proc\p18F14K50.asm
               OSCCONbits   0x000fd3       data     extern C:\MCC18\src\traditional\proc\p18F14K50.asm
                    T0CON   0x000fd5       data     extern C:\MCC18\src\traditional\proc\p18F14K50.asm
                T0CONbits   0x000fd5       data     extern C:\MCC18\src\traditional\proc\p18F14K50.asm
                    TMR0L   0x000fd6       data     extern C:\MCC18\src\traditional\proc\p18F14K50.asm
                    TMR0H   0x000fd7       data     extern C:\MCC18\src\traditional\proc\p18F14K50.asm
               STATUSbits   0x000fd8       data     extern C:\MCC18\src\traditional\proc\p18F14K50.asm
                   STATUS   0x000fd8       data     extern C:\MCC18\src\traditional\proc\p18F14K50.asm
                     FSR2   0x000fd9       data     extern C:\MCC18\src\traditional\proc\p18F14K50.asm
                    FSR2L   0x000fd9       data     extern C:\MCC18\src\traditional\proc\p18F14K50.asm
                    FSR2H   0x000fda       data     extern C:\MCC18\src\traditional\proc\p18F14K50.asm
                   PLUSW2   0x000fdb       data     extern C:\MCC18\src\traditional\proc\p18F14K50.asm
                  PREINC2   0x000fdc       data     extern C:\MCC18\src\traditional\proc\p18F14K50.asm
                 POSTDEC2   0x000fdd       data     extern C:\MCC18\src\traditional\proc\p18F14K50.asm
                 POSTINC2   0x000fde       data     extern C:\MCC18\src\traditional\proc\p18F14K50.asm
                    INDF2   0x000fdf       data     extern C:\MCC18\src\traditional\proc\p18F14K50.asm
                      BSR   0x000fe0       data     extern C:\MCC18\src\traditional\proc\p18F14K50.asm
                     FSR1   0x000fe1       data     extern C:\MCC18\src\traditional\proc\p18F14K50.asm
                    FSR1L   0x000fe1       data     extern C:\MCC18\src\traditional\proc\p18F14K50.asm
                    FSR1H   0x000fe2       data     extern C:\MCC18\src\traditional\proc\p18F14K50.asm
                   PLUSW1   0x000fe3       data     extern C:\MCC18\src\traditional\proc\p18F14K50.asm
                  PREINC1   0x000fe4       data     extern C:\MCC18\src\traditional\proc\p18F14K50.asm
                 POSTDEC1   0x000fe5       data     extern C:\MCC18\src\traditional\proc\p18F14K50.asm
                 POSTINC1   0x000fe6       data     extern C:\MCC18\src\traditional\proc\p18F14K50.asm
                    INDF1   0x000fe7       data     extern C:\MCC18\src\traditional\proc\p18F14K50.asm
                     WREG   0x000fe8       data     extern C:\MCC18\src\traditional\proc\p18F14K50.asm
                        W   0x000fe8       data     extern C:\MCC18\src\traditional\proc\p18F14K50.asm
                    FSR0L   0x000fe9       data     extern C:\MCC18\src\traditional\proc\p18F14K50.asm
                     FSR0   0x000fe9       data     extern C:\MCC18\src\traditional\proc\p18F14K50.asm
                    FSR0H   0x000fea       data     extern C:\MCC18\src\traditional\proc\p18F14K50.asm
                   PLUSW0   0x000feb       data     extern C:\MCC18\src\traditional\proc\p18F14K50.asm
                  PREINC0   0x000fec       data     extern C:\MCC18\src\traditional\proc\p18F14K50.asm
                 POSTDEC0   0x000fed       data     extern C:\MCC18\src\traditional\proc\p18F14K50.asm
                 POSTINC0   0x000fee       data     extern C:\MCC18\src\traditional\proc\p18F14K50.asm
                    INDF0   0x000fef       data     extern C:\MCC18\src\traditional\proc\p18F14K50.asm
              INTCON3bits   0x000ff0       data     extern C:\MCC18\src\traditional\proc\p18F14K50.asm
                  INTCON3   0x000ff0       data     extern C:\MCC18\src\traditional\proc\p18F14K50.asm
              INTCON2bits   0x000ff1       data     extern C:\MCC18\src\traditional\proc\p18F14K50.asm
                  INTCON2   0x000ff1       data     extern C:\MCC18\src\traditional\proc\p18F14K50.asm
               INTCONbits   0x000ff2       data     extern C:\MCC18\src\traditional\proc\p18F14K50.asm
                   INTCON   0x000ff2       data     extern C:\MCC18\src\traditional\proc\p18F14K50.asm
                    PRODL   0x000ff3       data     extern C:\MCC18\src\traditional\proc\p18F14K50.asm
                     PROD   0x000ff3       data     extern C:\MCC18\src\traditional\proc\p18F14K50.asm
                    PRODH   0x000ff4       data     extern C:\MCC18\src\traditional\proc\p18F14K50.asm
                   TABLAT   0x000ff5       data     extern C:\MCC18\src\traditional\proc\p18F14K50.asm
                   TBLPTR   0x000ff6       data     extern C:\MCC18\src\traditional\proc\p18F14K50.asm
                  TBLPTRL   0x000ff6       data     extern C:\MCC18\src\traditional\proc\p18F14K50.asm
                  TBLPTRH   0x000ff7       data     extern C:\MCC18\src\traditional\proc\p18F14K50.asm
                  TBLPTRU   0x000ff8       data     extern C:\MCC18\src\traditional\proc\p18F14K50.asm
                      PCL   0x000ff9       data     extern C:\MCC18\src\traditional\proc\p18F14K50.asm
                       PC   0x000ff9       data     extern C:\MCC18\src\traditional\proc\p18F14K50.asm
                   PCLATH   0x000ffa       data     extern C:\MCC18\src\traditional\proc\p18F14K50.asm
                   PCLATU   0x000ffb       data     extern C:\MCC18\src\traditional\proc\p18F14K50.asm
               STKPTRbits   0x000ffc       data     extern C:\MCC18\src\traditional\proc\p18F14K50.asm
                   STKPTR   0x000ffc       data     extern C:\MCC18\src\traditional\proc\p18F14K50.asm
                      TOS   0x000ffd       data     extern C:\MCC18\src\traditional\proc\p18F14K50.asm
                     TOSL   0x000ffd       data     extern C:\MCC18\src\traditional\proc\p18F14K50.asm
                     TOSH   0x000ffe       data     extern C:\MCC18\src\traditional\proc\p18F14K50.asm
                     TOSU   0x000fff       data     extern C:\MCC18\src\traditional\proc\p18F14K50.asm


